main.c:108:5:_write	8	static
main.c:114:5:__io_putchar	16	static
main.c:120:6:debugLogTime	0	static
main.c:131:6:debugLog	0	static
main.c:147:7:getVoltage	24	static
main.c:163:7:getTemperature	24	static
main.c:184:6:HAL_RTCEx_WakeUpTimerEventCallback	0	static
main.c:191:6:HAL_LPTIM_AutoReloadMatchCallback	16	static
main.c:211:6:initiateSettings	16	static
main.c:227:6:defaultSettings	8	static
main.c:249:19:tryEeprom	16	static
main.c:271:6:saveSettings	8	static
main.c:291:6:sleep	8	static
main.c:307:6:sendStatus	32	static
main.c:330:6:deinitGpio	32	static
main.c:345:6:deinitAlarmInput	32	static
main.c:360:6:deinitPowerInput	32	static
main.c:375:6:initAlarmInput	32	static
main.c:390:6:initPowerInput	32	static
main.c:405:6:RadioInit	32	static
main.c:430:6:ReceivingTest	32	static
main.c:510:6:PingTest	24	static
main.c:544:6:ledRoutine	16	static
main.c:568:6:policeSiren	0	static
main.c:818:6:SystemClock_Config	120	static
main.c:587:5:main	64	static
main.c:1191:6:Error_Handler	0	static
