main.c:87:5:_write	8	static
main.c:93:5:__io_putchar	16	static
main.c:99:6:debugLogTime	0	static
main.c:111:6:debugLog	0	static
main.c:119:6:debugLogInt	0	static
main.c:127:6:debugLogString	0	static
main.c:141:7:getVoltage	24	static
main.c:157:7:getTemperature	24	static
main.c:178:6:HAL_RTCEx_WakeUpTimerEventCallback	0	static
main.c:185:6:HAL_LPTIM_AutoReloadMatchCallback	16	static
main.c:202:6:initiateSettings	16	static
main.c:218:6:defaultSettings	8	static
main.c:240:19:tryEeprom	24	static
main.c:263:6:saveSettings	16	static
main.c:275:6:setWakeup	8	static
main.c:289:6:sleep	8	static
main.c:304:6:sendStatus	16	static
main.c:326:6:deinitGpio	32	static
main.c:341:6:deinitAlarmInput	32	static
main.c:356:6:deinitPowerInput	32	static
main.c:371:6:initAlarmInput	32	static
main.c:386:6:initPowerInput	32	static
main.c:401:6:RadioInit	40	static
main.c:425:6:ReceivingTest	32	static
main.c:503:6:PingTest	24	static
main.c:537:6:ledRoutine	16	static
main.c:561:6:printInfo	0	static
main.c:847:6:SystemClock_Config	120	static
main.c:591:5:main	120	static
main.c:1250:6:Error_Handler	0	static
