main.c:85:5:_write	8	static
main.c:90:5:__io_putchar	16	static
main.c:95:6:debugLogTime	0	static
main.c:106:6:debugLog	0	static
main.c:120:7:getVoltage	24	static
main.c:135:7:getTemperature	24	static
main.c:156:6:HAL_RTCEx_WakeUpTimerEventCallback	0	static
main.c:162:6:HAL_LPTIM_AutoReloadMatchCallback	0	static
main.c:176:6:initiateSettings	16	static
main.c:191:6:defaultSettings	8	static
main.c:212:19:tryEeprom	24	static
main.c:241:6:saveSettings	16	static
main.c:259:6:sleep	8	static
main.c:275:6:sendStatus	16	static
main.c:296:6:deinitGpio	32	static
main.c:310:6:deinitAlarmInput	32	static
main.c:324:6:deinitPowerInput	32	static
main.c:338:6:initAlarmInput	32	static
main.c:352:6:initPowerInput	32	static
main.c:366:6:RadioInit	40	static
main.c:389:6:ReceivingTest	32	static
main.c:454:6:PingTest	24	static
main.c:484:6:ledRoutine	16	static
main.c:505:6:printInfo	0	static
main.c:782:6:SystemClock_Config	120	static
main.c:540:5:main	120	static
main.c:1188:6:Error_Handler	0	static
