main.c:86:5:_write	8	static
main.c:91:5:__io_putchar	16	static
main.c:96:6:debugLogTime	16	static
main.c:107:6:debugLog	8	static
main.c:121:7:getVoltage	24	static
main.c:136:7:getTemperature	24	static
main.c:157:6:HAL_RTCEx_WakeUpTimerEventCallback	8	static
main.c:163:6:HAL_LPTIM_AutoReloadMatchCallback	8	static
main.c:177:6:initiateSettings	16	static
main.c:192:6:defaultSettings	8	static
main.c:213:19:tryEeprom	24	static
main.c:242:6:saveSettings	16	static
main.c:260:6:sleep	8	static
main.c:276:6:sendStatus	16	static
main.c:297:6:deinitGpio	32	static
main.c:311:6:deinitAlarmInput	32	static
main.c:325:6:deinitPowerInput	32	static
main.c:339:6:initAlarmInput	32	static
main.c:353:6:initPowerInput	32	static
main.c:367:6:RadioInit	40	static
main.c:390:6:ReceivingTest	32	static
main.c:455:6:PingTest	24	static
main.c:485:6:ledRoutine	16	static
main.c:506:6:printInfo	40	static
main.c:1168:6:Error_Handler	8	static
main.c:780:6:SystemClock_Config	120	static
main.c:541:5:main	136	static
