../Core/Src/main.c:110:5:_write	24	static
../Core/Src/main.c:115:5:__io_putchar	16	static
../Core/Src/main.c:120:6:debugLogTime	24	static
../Core/Src/main.c:132:6:debugLog	16	static
../Core/Src/main.c:139:6:debugLogInt	16	static
../Core/Src/main.c:146:6:debugLogString	16	static
../Core/Src/main.c:159:7:getVoltage	24	static
../Core/Src/main.c:174:7:getTemperature	24	static
../Core/Src/main.c:195:6:HAL_RTCEx_WakeUpTimerEventCallback	16	static
../Core/Src/main.c:200:6:HAL_LPTIM_AutoReloadMatchCallback	24	static
../Core/Src/main.c:213:6:HAL_GPIO_EXTI_Callback	16	static
../Core/Src/main.c:222:6:initiateSettings	8	static
../Core/Src/main.c:237:6:defaultSettings	8	static
../Core/Src/main.c:259:19:tryEeprom	16	static
../Core/Src/main.c:288:6:saveSettings	32	static
../Core/Src/main.c:298:6:setWakeup	16	static
../Core/Src/main.c:311:6:sleep	8	static
../Core/Src/main.c:329:6:sendStatus	16	static
../Core/Src/main.c:352:6:deinitGpio	32	static
../Core/Src/main.c:366:6:deinitAlarmInput	32	static
../Core/Src/main.c:380:6:deinitPowerInput	32	static
../Core/Src/main.c:394:6:initAlarmInput	32	static
../Core/Src/main.c:408:6:initPowerInput	32	static
../Core/Src/main.c:422:6:RadioInit	40	static
../Core/Src/main.c:438:6:LEDhandler	16	static
../Core/Src/main.c:459:6:printInfo	32	static
../Core/Src/main.c:487:6:showErrorCode	24	static
../Core/Src/main.c:495:6:startBlink	16	static
../Core/Src/main.c:505:6:showNumber	16	static
../Core/Src/main.c:522:6:HAL_Delay	24	static
../Core/Src/main.c:536:6:changeSequence	16	static
../Core/Src/main.c:544:6:increaceInterval	8	static
../Core/Src/main.c:549:6:sleepHandler	16	static
../Core/Src/main.c:566:6:extiHandler	16	static
../Core/Src/main.c:596:6:messageHandler	8	static
../Core/Src/main.c:662:5:main	8	static
../Core/Src/main.c:885:6:SystemClock_Config	120	static
../Core/Src/main.c:941:13:MX_ADC_Init	16	static
../Core/Src/main.c:998:13:MX_LPTIM1_Init	8	static
../Core/Src/main.c:1028:13:MX_RTC_Init	8	static
../Core/Src/main.c:1067:13:MX_SPI1_Init	8	static
../Core/Src/main.c:1103:13:MX_USART1_UART_Init	8	static
../Core/Src/main.c:1136:13:MX_WWDG_Init	8	static
../Core/Src/main.c:1162:13:MX_DMA_Init	16	static
../Core/Src/main.c:1182:13:MX_GPIO_Init	56	static
../Core/Src/main.c:1276:6:Error_Handler	8	static
