stm32l0xx_hal_msp.c:67:6:HAL_MspInit	8	static
stm32l0xx_hal_msp.c:89:6:HAL_ADC_MspInit	48	static
stm32l0xx_hal_msp.c:140:6:HAL_ADC_MspDeInit	16	static
stm32l0xx_hal_msp.c:170:6:HAL_LPTIM_MspInit	16	static
stm32l0xx_hal_msp.c:195:6:HAL_LPTIM_MspDeInit	16	static
stm32l0xx_hal_msp.c:220:6:HAL_RTC_MspInit	16	static
stm32l0xx_hal_msp.c:245:6:HAL_RTC_MspDeInit	16	static
stm32l0xx_hal_msp.c:270:6:HAL_SPI_MspInit	48	static
stm32l0xx_hal_msp.c:307:6:HAL_SPI_MspDeInit	16	static
stm32l0xx_hal_msp.c:337:6:HAL_UART_MspInit	48	static
stm32l0xx_hal_msp.c:394:6:HAL_UART_MspDeInit	16	static
stm32l0xx_hal_msp.c:428:6:HAL_WWDG_MspInit	16	static
