stm32l0xx_it.c:74:6:NMI_Handler	0	static
stm32l0xx_it.c:89:6:HardFault_Handler	0	static
stm32l0xx_it.c:104:6:SVC_Handler	0	static
stm32l0xx_it.c:117:6:PendSV_Handler	0	static
stm32l0xx_it.c:130:6:SysTick_Handler	8	static
stm32l0xx_it.c:151:6:RTC_IRQHandler	8	static
stm32l0xx_it.c:165:6:EXTI0_1_IRQHandler	8	static
stm32l0xx_it.c:179:6:EXTI4_15_IRQHandler	8	static
stm32l0xx_it.c:193:6:DMA1_Channel1_IRQHandler	8	static
stm32l0xx_it.c:207:6:DMA1_Channel2_3_IRQHandler	8	static
stm32l0xx_it.c:221:6:LPTIM1_IRQHandler	8	static
stm32l0xx_it.c:235:6:USART1_IRQHandler	8	static
