C:/workspace/sx127x/sx127x.c:8:13:SX127X_SetNSS	16	static
C:/workspace/sx127x/sx127x.c:12:13:SX127X_Reset	16	static
C:/workspace/sx127x/sx127x.c:23:13:SX127X_SPICommand	16	static
C:/workspace/sx127x/sx127x.c:30:16:SX127X_SPIReadByte	40	static
C:/workspace/sx127x/sx127x.c:71:9:SX127X_SPIRead	32	static
C:/workspace/sx127x/sx127x.c:79:6:SX127X_SPIWrite	16	static
C:/workspace/sx127x/sx127x.c:86:6:SX127X_SPIBurstRead	40	static
C:/workspace/sx127x/sx127x.c:101:6:SX127X_SPIBurstWrite	40	static
C:/workspace/sx127x/sx127x.c:116:6:SX127X_config	16	static
C:/workspace/sx127x/sx127x.c:162:6:SX127X_defaultConfig	16	static
C:/workspace/sx127x/sx127x.c:176:6:SX127X_PortConfig	32	static
C:/workspace/sx127x/sx127x.c:183:6:SX127X_standby	16	static
C:/workspace/sx127x/sx127x.c:191:6:SX127X_sleep	16	static
C:/workspace/sx127x/sx127x.c:199:6:SX127X_clearIrq	16	static
C:/workspace/sx127x/sx127x.c:203:5:SX127X_startRx	32	static
C:/workspace/sx127x/sx127x.c:235:9:SX127X_receive	32	static
C:/workspace/sx127x/sx127x.c:251:6:SX127X_startTransmission	32	static
C:/workspace/sx127x/sx127x.c:271:19:SX127X_transmitAsync	16	static
C:/workspace/sx127x/sx127x.c:282:6:SX127X_Handler	16	static
C:/workspace/sx127x/sx127x.c:322:9:SX127X_RSSI	16	static
C:/workspace/sx127x/sx127x.c:329:9:SX127X_RSSI_Pack	16	static
C:/workspace/sx127x/sx127x.c:336:9:SX127X_SNR	16	static
C:/workspace/sx127x/sx127x.c:340:8:SX127X_readTemp	40	static
C:/workspace/sx127x/sx127x.c:359:6:SX127X_readStatus	16	static
C:/workspace/sx127x/sx127x.c:369:6:SX127X_readIrq	16	static
C:/workspace/sx127x/sx127x.c:373:6:SX127X_delayMicro	16	static
C:/workspace/sx127x/sx127x.c:379:9:SX127X_getRandom	16	static
C:/workspace/sx127x/sx127x.c:383:6:SX127X_init	56	static
C:/workspace/sx127x/sx127x.c:393:6:SX127X_readAllRegisters	32	static
