C:/workspace/sx127x/sx127x.c:8:13:SX127X_SetNSS	16	static
C:/workspace/sx127x/sx127x.c:13:13:SX127X_Reset	16	static
C:/workspace/sx127x/sx127x.c:25:13:SX127X_SPICommand	16	static
C:/workspace/sx127x/sx127x.c:33:16:SX127X_SPIReadByte	40	static
C:/workspace/sx127x/sx127x.c:75:9:SX127X_SPIRead	32	static
C:/workspace/sx127x/sx127x.c:84:6:SX127X_SPIWrite	16	static
C:/workspace/sx127x/sx127x.c:92:6:SX127X_SPIBurstRead	40	static
C:/workspace/sx127x/sx127x.c:110:6:SX127X_SPIBurstWrite	40	static
C:/workspace/sx127x/sx127x.c:128:6:SX127X_config	16	static
C:/workspace/sx127x/sx127x.c:178:6:SX127X_defaultConfig	16	static
C:/workspace/sx127x/sx127x.c:193:6:SX127X_PortConfig	32	static
C:/workspace/sx127x/sx127x.c:201:6:SX127X_standby	16	static
C:/workspace/sx127x/sx127x.c:210:6:SX127X_sleep	16	static
C:/workspace/sx127x/sx127x.c:219:6:SX127X_clearIrq	16	static
C:/workspace/sx127x/sx127x.c:224:5:SX127X_startRx	32	static
C:/workspace/sx127x/sx127x.c:260:9:SX127X_receive	32	static
C:/workspace/sx127x/sx127x.c:277:6:SX127X_startTransmission	32	static
C:/workspace/sx127x/sx127x.c:298:19:SX127X_transmitAsync	16	static
C:/workspace/sx127x/sx127x.c:311:6:SX127X_Routine	16	static
C:/workspace/sx127x/sx127x.c:353:9:SX127X_RSSI	16	static
C:/workspace/sx127x/sx127x.c:361:9:SX127X_RSSI_Pack	16	static
C:/workspace/sx127x/sx127x.c:369:9:SX127X_SNR	16	static
C:/workspace/sx127x/sx127x.c:374:8:SX127X_readTemp	40	static
C:/workspace/sx127x/sx127x.c:394:6:SX127X_readStatus	16	static
C:/workspace/sx127x/sx127x.c:407:6:SX127X_readIrq	16	static
C:/workspace/sx127x/sx127x.c:412:6:SX127X_delayMicro	16	static
C:/workspace/sx127x/sx127x.c:419:9:SX127X_getRandom	16	static
C:/workspace/sx127x/sx127x.c:424:6:SX127X_init	56	static
C:/workspace/sx127x/sx127x.c:435:6:SX127X_readAllRegisters	32	static
