sx127x.c:8:13:SX127X_SetNSS	8	static
sx127x.c:13:13:SX127X_Reset	8	static
sx127x.c:25:13:SX127X_SPICommand	24	static
sx127x.c:33:16:SX127X_SPIReadByte	32	static
sx127x.c:75:9:SX127X_SPIRead	16	static
sx127x.c:84:6:SX127X_SPIWrite	16	static
sx127x.c:92:6:SX127X_SPIBurstRead	24	static
sx127x.c:110:6:SX127X_SPIBurstWrite	24	static
sx127x.c:178:6:SX127X_defaultConfig	0	static
sx127x.c:193:6:SX127X_PortConfig	24	static
sx127x.c:201:6:SX127X_standby	8	static
sx127x.c:210:6:SX127X_sleep	8	static
sx127x.c:128:6:SX127X_config	8	static
sx127x.c:219:6:SX127X_clearIrq	8	static
sx127x.c:224:5:SX127X_startRx	16	static
sx127x.c:260:9:SX127X_receive	16	static
sx127x.c:277:6:SX127X_startTransmission	8	static
sx127x.c:298:19:SX127X_transmitAsync	12	static
sx127x.c:353:9:SX127X_RSSI	8	static
sx127x.c:361:9:SX127X_RSSI_Pack	8	static
sx127x.c:369:9:SX127X_SNR	8	static
sx127x.c:374:8:SX127X_readTemp	24	static
sx127x.c:394:6:SX127X_readStatus	8	static
sx127x.c:407:6:SX127X_readIrq	8	static
sx127x.c:311:6:SX127X_Routine	16	static
sx127x.c:412:6:SX127X_delayMicro	0	static
sx127x.c:419:9:SX127X_getRandom	8	static
sx127x.c:424:6:SX127X_init	16	static
sx127x.c:435:6:SX127X_readAllRegisters	16	static
